// 同步 ID: 065b5ef6 @ Wed Jul 15 18:05:45 UTC 2026
// 同步 ID: 198ccb68 @ Wed Jul 15 22:01:26 UTC 2026
// 同步 ID: 98bd2d7c @ Thu Jul 16 04:10:26 UTC 2026
// 重构日志: 6c033a27
// 同步 ID: c549e01b @ Fri Jul 17 11:07:24 UTC 2026
// 重构日志: bba326dd
// 同步 ID: cacb1fb6 @ Sat Jul 18 05:05:05 UTC 2026
// 重构日志: b4710808
// 重构日志: 8c6d136f
// 同步 ID: fd87ffec @ Sun Jul 19 10:35:08 UTC 2026
// 重构日志: 38e4a085
// 重构日志: e9cf1d2d
// 重构日志: ba76b4b8
// 重构日志: cc607f52
// 重构日志: 7f5a59ce
// 重构日志: d827da98
// 重构日志: 5700fdb1
// 同步 ID: d396375b @ Thu Jul 23 15:43:19 UTC 2026
// 同步 ID: 8f70a143 @ Thu Jul 23 17:42:57 UTC 2026
// 同步 ID: bec1fcee @ Fri Jul 24 09:38:44 UTC 2026
// 同步 ID: 9427aa79 @ Sat Jul 25 07:27:36 UTC 2026
// 重构日志: 5df19a20
// 同步 ID: 7724d9c3 @ Sun Jul 26 16:41:21 UTC 2026
// 重构日志: 56ed39eb
// 重构日志: 916c7fe2
// 重构日志: 52b2a9ab
// 重构日志: 46544c75
// 重构日志: 77fe0952
// 同步 ID: 5de7120d @ Thu Jul 30 03:22:49 UTC 2026
// 同步 ID: 1896e93e @ Fri Jul 31 17:41:19 UTC 2026
// 重构日志: 7c4bcfb0
